Sun Sep 27 23:39:08 IST 2026 prefetch loop start (pid 49330)
Sun Sep 27 23:39:08 IST 2026 pass
H1 1370170081 [freeze *] FAIL GetExceptionGroup (504.9s)
H1 1378758509 [2023-09-14T21:02:19] fetched (125.9s)
L1 1378758509 [2023-09-14T21:02:19] fetched (88.5s)
H1 1373800620 [2023-07-19T11:50:50 *] fetched (92.1s)
L1 1373800620 [2023-07-19T11:50:50 *] fetched (141.1s)
H1 1381304476 [2023-10-14T08:15:06] fetched (109.1s)
L1 1381304476 [2023-10-14T08:15:06] FAIL GetExceptionGroup (306.6s)
H1 1375695373 [2023-08-10T10:10:03 *] fetched (96.6s)
L1 1375695373 [2023-08-10T10:10:03 *] fetched (61.6s)
Mon Sep 28 01:04:52 IST 2026 pass
H1 1370170081 [freeze *] fetched (112.0s)
H1 1378758509 [2023-09-14T21:02:19] cached (0.5s)
L1 1378758509 [2023-09-14T21:02:19] cached (0.5s)
H1 1373800620 [2023-07-19T11:50:50 *] cached (0.5s)
L1 1373800620 [2023-07-19T11:50:50 *] cached (0.5s)
H1 1381304476 [2023-10-14T08:15:06] cached (0.5s)
L1 1381304476 [2023-10-14T08:15:06] fetched (86.1s)
H1 1375695373 [2023-08-10T10:10:03 *] cached (0.5s)
L1 1375695373 [2023-08-10T10:10:03 *] cached (0.5s)
Mon Sep 28 01:08:25 IST 2026 NOTE prefetch_complete
